Γû▓ Next.js 16.1.6 (Turbopack)
- Environments: .env.local
- Experiments (use with caution):
  ┬╖ optimizePackageImports

  Creating an optimized production build ...
Γ£ô Compiled successfully in 11.1s
  Running TypeScript ...
  Collecting page data using 15 workers ...
node.exe : (node:2812) Warning: `--localstorage-file` was provided without a 
valid path
At C:\Users\jcuad\OneDrive\Documents\PremiumOutletsHRIS\node_modules\.bin\next.
ps1:24 char:5
+     & "node$exe"  "$basedir/../next/dist/bin/next" $args
+     ~~~~~~~~~~~~~~~~~~~~~~~~~~~~~~~~~~~~~~~~~~~~~~~~~~~~
    + CategoryInfo          : NotSpecified: ((node:2812) War...ut a valid path 
   :String) [], RemoteException
    + FullyQualifiedErrorId : NativeCommandError
 
(Use `node --trace-warnings ...` to show where the warning was created)
  Generating static pages using 15 workers (0/66) ...
(node:12832) Warning: `--localstorage-file` was provided without a valid path
(Use `node --trace-warnings ...` to show where the warning was created)
  Generating static pages using 15 workers (16/66) 
  Generating static pages using 15 workers (32/66) 
(node:5780) Warning: `--localstorage-file` was provided without a valid path
(Use `node --trace-warnings ...` to show where the warning was created)
  Generating static pages using 15 workers (49/66) 
Γ£ô Generating static pages using 15 workers (66/66) in 502.3ms
  Finalizing page optimization ...

Route (app)
Γöî Γùï /
Γö£ Γùï /_not-found
Γö£ ╞Æ /[role]/attendance
Γö£ ╞Æ /[role]/audit
Γö£ ╞Æ /[role]/dashboard
Γö£ ╞Æ /[role]/disciplinary
Γö£ ╞Æ /[role]/documents
Γö£ ╞Æ /[role]/employees
Γö£ ╞Æ /[role]/employees/[id]
Γö£ ╞Æ /[role]/employees/201-files
Γö£ ╞Æ /[role]/employees/directory
Γö£ ╞Æ /[role]/employees/manage
Γö£ ╞Æ /[role]/events
Γö£ ╞Æ /[role]/face-enrollment
Γö£ ╞Æ /[role]/jobs
Γö£ ╞Æ /[role]/leave
Γö£ ╞Æ /[role]/loans
Γö£ ╞Æ /[role]/messages
Γö£ ╞Æ /[role]/my-payslips
Γö£ ╞Æ /[role]/notifications
Γö£ ╞Æ /[role]/payroll
Γö£ ╞Æ /[role]/payroll/settings
Γö£ ╞Æ /[role]/profile
Γö£ ╞Æ /[role]/projects
Γö£ ╞Æ /[role]/reports
Γö£ ╞Æ /[role]/reports/government
Γö£ ╞Æ /[role]/reports/vbir-alphalist
Γö£ ╞Æ /[role]/settings
Γö£ ╞Æ /[role]/settings/appearance
Γö£ ╞Æ /[role]/settings/branding
Γö£ ╞Æ /[role]/settings/dashboard-builder
Γö£ ╞Æ /[role]/settings/kiosk
Γö£ ╞Æ /[role]/settings/location
Γö£ ╞Æ /[role]/settings/modules
Γö£ ╞Æ /[role]/settings/navigation
Γö£ ╞Æ /[role]/settings/notifications
Γö£ ╞Æ /[role]/settings/organization
Γö£ ╞Æ /[role]/settings/roles
Γö£ ╞Æ /[role]/settings/shifts
Γö£ ╞Æ /[role]/super
Γö£ ╞Æ /[role]/tasks
Γö£ ╞Æ /[role]/tasks/[id]
Γö£ ╞Æ /[role]/timesheets
Γö£ ╞Æ /api/admin/purge-company-data
Γö£ ╞Æ /api/attendance/biometric-scan
Γö£ ╞Æ /api/attendance/daily-qr
Γö£ ╞Æ /api/attendance/exceptions
Γö£ ╞Æ /api/attendance/generate-qr-token
Γö£ ╞Æ /api/attendance/logs
Γö£ ╞Æ /api/attendance/manual-checkin
Γö£ ╞Æ /api/attendance/my-status
Γö£ ╞Æ /api/attendance/project-qr-checkin
Γö£ ╞Æ /api/attendance/reconcile-absences
Γö£ ╞Æ /api/attendance/reset-today
Γö£ ╞Æ /api/attendance/self-checkin
Γö£ ╞Æ /api/attendance/sync-offline
Γö£ ╞Æ /api/attendance/t800
Γö£ ╞Æ /api/attendance/validate-qr
Γö£ ╞Æ /api/attendance/verify-face
Γö£ ╞Æ /api/auth/change-email
Γö£ ╞Æ /api/auth/change-password
Γö£ ╞Æ /api/auth/reset-password
Γö£ ╞Æ /api/employees/[id]
Γö£ ╞Æ /api/export/attendance
Γö£ ╞Æ /api/export/employees
Γö£ ╞Æ /api/export/payroll
Γö£ ╞Æ /api/face-recognition/enroll
Γö£ ╞Æ /api/geocode
Γö£ ╞Æ /api/import/attendance
Γö£ ╞Æ /api/import/employees
Γö£ ╞Æ /api/import/payroll
Γö£ ╞Æ /api/jobs
Γö£ ╞Æ /api/jobs/[id]
Γö£ ╞Æ /api/jobs/[id]/applications
Γö£ ╞Æ /api/jobs/[id]/applications/[appId]
Γö£ ╞Æ /api/jobs/[id]/applications/[appId]/resume
Γö£ ╞Æ /api/kiosk/admin-pin
Γö£ ╞Æ /api/kiosk/admin-pin/verify
Γö£ ╞Æ /api/notifications/mark-read
Γö£ ╞Æ /api/notifications/resend
Γö£ ╞Æ /api/payroll/acknowledge
Γö£ ╞Æ /api/payroll/schedule
Γö£ ╞Æ /api/payroll/sign
Γö£ ╞Æ /api/payroll/status
Γö£ ╞Æ /api/payroll/templates
Γö£ ╞Æ /api/payroll/templates/assignments
Γö£ ╞Æ /api/payroll/templates/assignments/bulk
Γö£ ╞Æ /api/project-verification
Γö£ ╞Æ /api/projects/[id]/qr
Γö£ ╞Æ /api/push/resubscribe
Γö£ ╞Æ /api/push/send
Γö£ ╞Æ /api/push/subscribe
Γö£ ╞Æ /api/roles
Γö£ ╞Æ /api/settings/appearance
Γö£ ╞Æ /api/settings/kiosk
Γö£ ╞Æ /api/settings/location
Γö£ ╞Æ /api/settings/notification-preferences
Γö£ ╞Æ /api/settings/notifications
Γö£ ╞Æ /api/settings/profile
Γö£ ╞Æ /api/upload
Γö£ Γùï /apple-icon.png
Γö£ Γùï /checkin
Γö£ Γùï /deactivated
Γö£ Γùï /icon0.svg
Γö£ Γùï /icon1.png
Γö£ Γùï /kiosk
Γö£ Γùï /kiosk/face
Γö£ Γùï /kiosk/face/enroll
Γö£ Γùï /kiosk/qr
Γö£ Γùï /login
Γöö Γùï /manifest.webmanifest


╞Æ Proxy (Middleware)

Γùï  (Static)   prerendered as static content
╞Æ  (Dynamic)  server-rendered on demand

